QA output created by 245
mv: cannot overwrite 'TEST_DIR/test-mv/aa': File exists
