QA output created by 733
Format and mount
Create a many-block file
Reflink the big file
Terminated
test completed successfully
