QA output created by 734
Create the original file and a clone
Funshare at least one pagecache page
Check contents
