QA output created by 739

Verifying ciphertext with parameters:
	contents_encryption_mode: AES-256-XTS
	filenames_encryption_mode: AES-256-CTS-CBC
	options: v2 log2_dusize=9

Verifying ciphertext with parameters:
	contents_encryption_mode: AES-256-XTS
	filenames_encryption_mode: AES-256-CTS-CBC
	options: v2 log2_dusize=10
