QA output created by 741
mount: TEST_DIR/extra_mnt: SCRATCH_DEV already mounted or mount point busy
mount: TEST_DIR/extra_mnt: SCRATCH_DEV already mounted or mount point busy
