QA output created by 743
read with no errors
read with IO errors
madvise: Bad address
