QA output created by 744
wrote 9000/9000 bytes at offset 0
XXX Bytes, X ops; XX:XX:XX.X (XXX YYY/sec and XXX ops/sec)
cp: failed to clone 'TEST_DIR/744/mnt2/bar' from 'TEST_DIR/744/mnt1/foo': Invalid cross-device link
