QA output created by 747
Starting fillup using direct IO
Starting mixed write/delete test using direct IO
Starting mixed write/delete test using buffered IO
Syncing
Done, all good
