QA output created by 728
content of the test_file
Silence is golden
