QA output created by 234
Create the original file blocks
Punch every other block
Create metadump file, restore it and check restored fs
