QA output created by 503
Format and populate
metadump and mdrestore
metadump a and mdrestore
metadump g and mdrestore
metadump ag and mdrestore
copy
recopy
