QA output created by 601
Create the original file and a clone
Funshare at least one pagecache page
Check contents
