QA output created by 605
Format filesystem on scratch device
Initialize and mount filesystem on flakey device
Create test file
Punch alternative blocks of test file
Mount cycle the filesystem on flakey device
Pin log items in the AIL
Create two checkpoint transactions on ondisk log
Drop writes to filesystem from here onwards
Unpin log items in AIL
Unmount filesystem on flakey device
Clean up flakey device
Filesystem has a dirty log
Create metadump file, restore it and check restored fs
