QA output created by 612
Running xfs_repair to upgrade filesystem.
Inode btree count feature only supported on V5 filesystems.
FEATURES: INOBTCNT:NO
Running xfs_repair to upgrade filesystem.
Large timestamp feature only supported on V5 filesystems.
FEATURES: BIGTIME:NO
