QA output created by 613
** create loop device
** create loop log device
** create loop mount point
** start xfs mount testing ...
FORMAT: -m crc=0
TEST: "" "pass" "attr2" "true"
TEST: "-o attr2" "pass" "attr2" "true"
TEST: "-o noattr2" "pass" "attr2" "false"
FORMAT: -m crc=0 -l version=1
TEST: "-o logbsize=16384" "pass" "logbsize=16k" "true"
TEST: "-o logbsize=16k" "pass" "logbsize=16k" "true"
TEST: "-o logbsize=32k" "pass" "logbsize=32k" "true"
TEST: "-o logbsize=64k" "fail"
** end of testing
