QA output created by 012
Checking converted btrfs against the original one:
OK
Checking saved ext2 image against the original one:
OK
Checking rolled back ext2 against the original one:
OK
