QA output created by 168
Create subvolume 'SCRATCH_MNT/sv1'
At subvol SCRATCH_MNT/sv1
At subvol SCRATCH_MNT/snap1
At subvol SCRATCH_MNT/snap2
At subvol sv1
OK
At subvol snap1
OK
At snapshot snap2
OK
