QA output created by 169
wrote 1048576/1048576 bytes at offset 0
XXX Bytes, X ops; XX:XX:XX.X (XXX YYY/sec and XXX ops/sec)
At subvol SCRATCH_MNT/snap1
At subvol SCRATCH_MNT/snap2
File digest in the original filesystem:
d31659e82e87798acd4669a1e0a19d4f  SCRATCH_MNT/snap2/foobar
At subvol snap1
At snapshot snap2
File digest in the new filesystem:
d31659e82e87798acd4669a1e0a19d4f  SCRATCH_MNT/snap2/foobar
