QA output created by 170
wrote 131072/131072 bytes at offset 0
XXX Bytes, X ops; XX:XX:XX.X (XXX YYY/sec and XXX ops/sec)
File digest after write:
85054e9e74bc3ae186d693890106b71f  SCRATCH_MNT/foobar
File digest after mounting the filesystem again:
85054e9e74bc3ae186d693890106b71f  SCRATCH_MNT/foobar
