QA output created by 189
wrote 2097152/2097152 bytes at offset 0
XXX Bytes, X ops; XX:XX:XX.X (XXX YYY/sec and XXX ops/sec)
wrote 2097152/2097152 bytes at offset 0
XXX Bytes, X ops; XX:XX:XX.X (XXX YYY/sec and XXX ops/sec)
wrote 2097152/2097152 bytes at offset 0
XXX Bytes, X ops; XX:XX:XX.X (XXX YYY/sec and XXX ops/sec)
wrote 2097152/2097152 bytes at offset 0
XXX Bytes, X ops; XX:XX:XX.X (XXX YYY/sec and XXX ops/sec)
At subvol SCRATCH_MNT/base
linked 131072/131072 bytes at offset 655360
XXX Bytes, X ops; XX:XX:XX.X (XXX YYY/sec and XXX ops/sec)
linked 131072/131072 bytes at offset 0
XXX Bytes, X ops; XX:XX:XX.X (XXX YYY/sec and XXX ops/sec)
At subvol SCRATCH_MNT/incr
At subvol base
At snapshot incr
OK
OK
