QA output created by 191
wrote 524288/524288 bytes at offset 0
XXX Bytes, X ops; XX:XX:XX.X (XXX YYY/sec and XXX ops/sec)
wrote 524288/524288 bytes at offset 524288
XXX Bytes, X ops; XX:XX:XX.X (XXX YYY/sec and XXX ops/sec)
At subvol SCRATCH_MNT/mysnap1
wrote 1048576/1048576 bytes at offset 0
XXX Bytes, X ops; XX:XX:XX.X (XXX YYY/sec and XXX ops/sec)
deduped 524288/524288 bytes at offset 0
XXX Bytes, X ops; XX:XX:XX.X (XXX YYY/sec and XXX ops/sec)
deduped 524288/524288 bytes at offset 524288
XXX Bytes, X ops; XX:XX:XX.X (XXX YYY/sec and XXX ops/sec)
At subvol SCRATCH_MNT/mysnap2
At subvol mysnap1
At snapshot mysnap2
OK
OK
