QA output created by 200
wrote 65536/65536 bytes at offset 0
XXX Bytes, X ops; XX:XX:XX.X (XXX YYY/sec and XXX ops/sec)
linked 65536/65536 bytes at offset 65536
XXX Bytes, X ops; XX:XX:XX.X (XXX YYY/sec and XXX ops/sec)
wrote 65536/65536 bytes at offset 0
XXX Bytes, X ops; XX:XX:XX.X (XXX YYY/sec and XXX ops/sec)
At subvol SCRATCH_MNT/base
linked 65536/65536 bytes at offset 65536
XXX Bytes, X ops; XX:XX:XX.X (XXX YYY/sec and XXX ops/sec)
At subvol SCRATCH_MNT/incr
At subvol base
At snapshot incr
OK
OK
