QA output created by 202
Create subvolume 'SCRATCH_MNT/a'
Create subvolume 'SCRATCH_MNT/a/b'
