QA output created by 203
wrote 65536/65536 bytes at offset 0
XXX Bytes, X ops; XX:XX:XX.X (XXX YYY/sec and XXX ops/sec)
At subvol SCRATCH_MNT/base
wrote 65536/65536 bytes at offset 524288
XXX Bytes, X ops; XX:XX:XX.X (XXX YYY/sec and XXX ops/sec)
wrote 65536/65536 bytes at offset 589824
XXX Bytes, X ops; XX:XX:XX.X (XXX YYY/sec and XXX ops/sec)
wrote 65536/65536 bytes at offset 655360
XXX Bytes, X ops; XX:XX:XX.X (XXX YYY/sec and XXX ops/sec)
wrote 65536/65536 bytes at offset 720896
XXX Bytes, X ops; XX:XX:XX.X (XXX YYY/sec and XXX ops/sec)
wrote 65536/65536 bytes at offset 786432
XXX Bytes, X ops; XX:XX:XX.X (XXX YYY/sec and XXX ops/sec)
linked 196608/196608 bytes at offset 196608
XXX Bytes, X ops; XX:XX:XX.X (XXX YYY/sec and XXX ops/sec)
At subvol SCRATCH_MNT/incr
File foobar digest in the original filesystem:
2b76b23b62fdbbbcae1ee37eec84fd7d
At subvol base
At snapshot incr
File foobar digest in the new filesystem:
2b76b23b62fdbbbcae1ee37eec84fd7d
