QA output created by 233
Create subvolume 'SCRATCH_MNT/testsv'
Delete subvolume 'SCRATCH_MNT/testsv'
Create subvolume 'SCRATCH_MNT/testsv'
Delete subvolume 'SCRATCH_MNT/testsv'
