QA output created by 281
wrote 66560/66560 bytes at offset 0
XXX Bytes, X ops; XX:XX:XX.X (XXX YYY/sec and XXX ops/sec)
wrote 131072/131072 bytes at offset 0
XXX Bytes, X ops; XX:XX:XX.X (XXX YYY/sec and XXX ops/sec)
linked 65536/65536 bytes at offset 0
XXX Bytes, X ops; XX:XX:XX.X (XXX YYY/sec and XXX ops/sec)
Creating snapshot and a send stream for it...
At subvol SCRATCH_MNT/snap
Creating a new filesystem to receive the send stream...
At subvol snap
Verifying data matches the original filesystem...
OK
File bar fiemap output in the new filesystem:
0: [0..127]: shared|encoded
1: [128..255]: encoded|last
