QA output created by 300
Create subvolume './subvol'
Create subvolume 'subvol/subsubvol'
drwxr-xr-x fsgqa fsgqa ./
drwxr-xr-x fsgqa fsgqa ./subvol
-rw-r--r-- fsgqa fsgqa ./subvol/1
-rw-r--r-- fsgqa fsgqa ./subvol/2
-rw-r--r-- fsgqa fsgqa ./subvol/3
drwxr-xr-x fsgqa fsgqa ./subvol/subsubvol
-rw-r--r-- fsgqa fsgqa ./subvol/subsubvol/4
-rw-r--r-- fsgqa fsgqa ./subvol/subsubvol/5
-rw-r--r-- fsgqa fsgqa ./subvol/subsubvol/6
drwxr-xr-x fsgqa fsgqa ./snapshot
-rw-r--r-- fsgqa fsgqa ./snapshot/1
-rw-r--r-- fsgqa fsgqa ./snapshot/2
-rw-r--r-- fsgqa fsgqa ./snapshot/3
drwxr-xr-x fsgqa fsgqa ./snapshot/subsubvol
