QA output created by 301
basic accounting
fallocate: Disk quota exceeded
pwrite: Disk quota exceeded
reservation accounting
pwrite: Disk quota exceeded
snapshot accounting
delete src ref first
delete snapshot ref first
delete snapshot src first
delete snapshot first
nested accounting
fallocate: Disk quota exceeded
pwrite: Disk quota exceeded
enable mature
reflink
delete reflink src ref
delete reflink ref
