QA output created by 302
Create subvolume 'SCRATCH_MNT/subvol'
Create a readonly snapshot of 'SCRATCH_MNT/subvol' in 'SCRATCH_MNT/subvol/snap'
OK
