QA output created by 304
= Test basic 4k write =
==== Testing raid0 ====
wrote 4096/4096 bytes at offset 0
XXX Bytes, X ops; XX:XX:XX.X (XXX YYY/sec and XXX ops/sec)
5fed275e7617a806f94c173746a2a723  SCRATCH_MNT/foo

raid stripe tree key (RAID_STRIPE_TREE ROOT_ITEM 0)
leaf XXXXXXXXX items X free space XXXXX generation X owner RAID_STRIPE_TREE
leaf XXXXXXXXX flags 0x1(WRITTEN) backref revision 1
fs uuid <UUID>
chunk uuid <UUID>
	item 0 key (XXXXXX RAID_STRIPE 4096) itemoff XXXXX itemsize 24
			encoding: RAID0
			stripe 0 devid 1 physical XXXXXXXXX
total bytes XXXXXXXX
bytes used XXXXXX
uuid <UUID>
==== Testing raid1 ====
wrote 4096/4096 bytes at offset 0
XXX Bytes, X ops; XX:XX:XX.X (XXX YYY/sec and XXX ops/sec)
5fed275e7617a806f94c173746a2a723  SCRATCH_MNT/foo

raid stripe tree key (RAID_STRIPE_TREE ROOT_ITEM 0)
leaf XXXXXXXXX items X free space XXXXX generation X owner RAID_STRIPE_TREE
leaf XXXXXXXXX flags 0x1(WRITTEN) backref revision 1
fs uuid <UUID>
chunk uuid <UUID>
	item 0 key (XXXXXX RAID_STRIPE 4096) itemoff XXXXX itemsize 40
			encoding: RAID1
			stripe 0 devid 1 physical XXXXXXXXX
			stripe 1 devid 2 physical XXXXXXXXX
total bytes XXXXXXXX
bytes used XXXXXX
uuid <UUID>
==== Testing raid10 ====
wrote 4096/4096 bytes at offset 0
XXX Bytes, X ops; XX:XX:XX.X (XXX YYY/sec and XXX ops/sec)
5fed275e7617a806f94c173746a2a723  SCRATCH_MNT/foo

raid stripe tree key (RAID_STRIPE_TREE ROOT_ITEM 0)
leaf XXXXXXXXX items X free space XXXXX generation X owner RAID_STRIPE_TREE
leaf XXXXXXXXX flags 0x1(WRITTEN) backref revision 1
fs uuid <UUID>
chunk uuid <UUID>
	item 0 key (XXXXXX RAID_STRIPE 4096) itemoff XXXXX itemsize 40
			encoding: RAID10
			stripe 0 devid 1 physical XXXXXXXXX
			stripe 1 devid 2 physical XXXXXXXXX
total bytes XXXXXXXX
bytes used XXXXXX
uuid <UUID>
