QA output created by 305
= Test 8k write to a new file so that 4k start a new stripe =
==== Testing raid0 ====
wrote 61440/61440 bytes at offset 0
XXX Bytes, X ops; XX:XX:XX.X (XXX YYY/sec and XXX ops/sec)
wrote 8192/8192 bytes at offset 0
XXX Bytes, X ops; XX:XX:XX.X (XXX YYY/sec and XXX ops/sec)
9d3940adb41dd525e008a847e01b15f4  SCRATCH_MNT/foo

raid stripe tree key (RAID_STRIPE_TREE ROOT_ITEM 0)
leaf XXXXXXXXX items X free space XXXXX generation X owner RAID_STRIPE_TREE
leaf XXXXXXXXX flags 0x1(WRITTEN) backref revision 1
fs uuid <UUID>
chunk uuid <UUID>
	item 0 key (XXXXXX RAID_STRIPE 61440) itemoff XXXXX itemsize 24
			encoding: RAID0
			stripe 0 devid 1 physical XXXXXXXXX
	item 1 key (XXXXXX RAID_STRIPE 4096) itemoff XXXXX itemsize 24
			encoding: RAID0
			stripe 0 devid 1 physical XXXXXXXXX
	item 2 key (XXXXXX RAID_STRIPE 4096) itemoff XXXXX itemsize 24
			encoding: RAID0
			stripe 0 devid 2 physical XXXXXXXXX
total bytes XXXXXXXX
bytes used XXXXXX
uuid <UUID>
==== Testing raid1 ====
wrote 61440/61440 bytes at offset 0
XXX Bytes, X ops; XX:XX:XX.X (XXX YYY/sec and XXX ops/sec)
wrote 8192/8192 bytes at offset 0
XXX Bytes, X ops; XX:XX:XX.X (XXX YYY/sec and XXX ops/sec)
9d3940adb41dd525e008a847e01b15f4  SCRATCH_MNT/foo

raid stripe tree key (RAID_STRIPE_TREE ROOT_ITEM 0)
leaf XXXXXXXXX items X free space XXXXX generation X owner RAID_STRIPE_TREE
leaf XXXXXXXXX flags 0x1(WRITTEN) backref revision 1
fs uuid <UUID>
chunk uuid <UUID>
	item 0 key (XXXXXX RAID_STRIPE 61440) itemoff XXXXX itemsize 40
			encoding: RAID1
			stripe 0 devid 1 physical XXXXXXXXX
			stripe 1 devid 2 physical XXXXXXXXX
	item 1 key (XXXXXX RAID_STRIPE 8192) itemoff XXXXX itemsize 40
			encoding: RAID1
			stripe 0 devid 1 physical XXXXXXXXX
			stripe 1 devid 2 physical XXXXXXXXX
total bytes XXXXXXXX
bytes used XXXXXX
uuid <UUID>
==== Testing raid10 ====
wrote 61440/61440 bytes at offset 0
XXX Bytes, X ops; XX:XX:XX.X (XXX YYY/sec and XXX ops/sec)
wrote 8192/8192 bytes at offset 0
XXX Bytes, X ops; XX:XX:XX.X (XXX YYY/sec and XXX ops/sec)
9d3940adb41dd525e008a847e01b15f4  SCRATCH_MNT/foo

raid stripe tree key (RAID_STRIPE_TREE ROOT_ITEM 0)
leaf XXXXXXXXX items X free space XXXXX generation X owner RAID_STRIPE_TREE
leaf XXXXXXXXX flags 0x1(WRITTEN) backref revision 1
fs uuid <UUID>
chunk uuid <UUID>
	item 0 key (XXXXXX RAID_STRIPE 61440) itemoff XXXXX itemsize 40
			encoding: RAID10
			stripe 0 devid 1 physical XXXXXXXXX
			stripe 1 devid 2 physical XXXXXXXXX
	item 1 key (XXXXXX RAID_STRIPE 4096) itemoff XXXXX itemsize 40
			encoding: RAID10
			stripe 0 devid 1 physical XXXXXXXXX
			stripe 1 devid 2 physical XXXXXXXXX
	item 2 key (XXXXXX RAID_STRIPE 4096) itemoff XXXXX itemsize 40
			encoding: RAID10
			stripe 0 devid 3 physical XXXXXXXXX
			stripe 1 devid 4 physical XXXXXXXXX
total bytes XXXXXXXX
bytes used XXXXXX
uuid <UUID>
