QA output created by 308
= Test 128k write to empty file with 1st stripe partially prefilled then overwrite =
==== Testing raid0 ====
wrote 32768/32768 bytes at offset 0
XXX Bytes, X ops; XX:XX:XX.X (XXX YYY/sec and XXX ops/sec)
wrote 131072/131072 bytes at offset 0
XXX Bytes, X ops; XX:XX:XX.X (XXX YYY/sec and XXX ops/sec)
wrote 8192/8192 bytes at offset 65536
XXX Bytes, X ops; XX:XX:XX.X (XXX YYY/sec and XXX ops/sec)
d48858312a922db7eb86377f638dbc9f  SCRATCH_MNT/foo

raid stripe tree key (RAID_STRIPE_TREE ROOT_ITEM 0)
leaf XXXXXXXXX items X free space XXXXX generation X owner RAID_STRIPE_TREE
leaf XXXXXXXXX flags 0x1(WRITTEN) backref revision 1
checksum stored <CHECKSUM>
checksum calced <CHECKSUM>
fs uuid <UUID>
chunk uuid <UUID>
	item 0 key (XXXXXX RAID_STRIPE 32768) itemoff XXXXX itemsize 24
			encoding: RAID0
			stripe 0 devid 1 physical XXXXXXXXX
	item 1 key (XXXXXX RAID_STRIPE 32768) itemoff XXXXX itemsize 24
			encoding: RAID0
			stripe 0 devid 1 physical XXXXXXXXX
	item 2 key (XXXXXX RAID_STRIPE 65536) itemoff XXXXX itemsize 24
			encoding: RAID0
			stripe 0 devid 2 physical XXXXXXXXX
	item 3 key (XXXXXX RAID_STRIPE 32768) itemoff XXXXX itemsize 24
			encoding: RAID0
			stripe 0 devid 1 physical XXXXXXXXX
	item 4 key (XXXXXX RAID_STRIPE 8192) itemoff XXXXX itemsize 24
			encoding: RAID0
			stripe 0 devid 1 physical XXXXXXXXX
total bytes XXXXXXXX
bytes used XXXXXX
uuid <UUID>
==== Testing raid1 ====
wrote 32768/32768 bytes at offset 0
XXX Bytes, X ops; XX:XX:XX.X (XXX YYY/sec and XXX ops/sec)
wrote 131072/131072 bytes at offset 0
XXX Bytes, X ops; XX:XX:XX.X (XXX YYY/sec and XXX ops/sec)
wrote 8192/8192 bytes at offset 65536
XXX Bytes, X ops; XX:XX:XX.X (XXX YYY/sec and XXX ops/sec)
d48858312a922db7eb86377f638dbc9f  SCRATCH_MNT/foo

raid stripe tree key (RAID_STRIPE_TREE ROOT_ITEM 0)
leaf XXXXXXXXX items X free space XXXXX generation X owner RAID_STRIPE_TREE
leaf XXXXXXXXX flags 0x1(WRITTEN) backref revision 1
checksum stored <CHECKSUM>
checksum calced <CHECKSUM>
fs uuid <UUID>
chunk uuid <UUID>
	item 0 key (XXXXXX RAID_STRIPE 32768) itemoff XXXXX itemsize 40
			encoding: RAID1
			stripe 0 devid 1 physical XXXXXXXXX
			stripe 1 devid 2 physical XXXXXXXXX
	item 1 key (XXXXXX RAID_STRIPE 131072) itemoff XXXXX itemsize 40
			encoding: RAID1
			stripe 0 devid 1 physical XXXXXXXXX
			stripe 1 devid 2 physical XXXXXXXXX
	item 2 key (XXXXXX RAID_STRIPE 8192) itemoff XXXXX itemsize 40
			encoding: RAID1
			stripe 0 devid 1 physical XXXXXXXXX
			stripe 1 devid 2 physical XXXXXXXXX
total bytes XXXXXXXX
bytes used XXXXXX
uuid <UUID>
==== Testing raid10 ====
wrote 32768/32768 bytes at offset 0
XXX Bytes, X ops; XX:XX:XX.X (XXX YYY/sec and XXX ops/sec)
wrote 131072/131072 bytes at offset 0
XXX Bytes, X ops; XX:XX:XX.X (XXX YYY/sec and XXX ops/sec)
wrote 8192/8192 bytes at offset 65536
XXX Bytes, X ops; XX:XX:XX.X (XXX YYY/sec and XXX ops/sec)
d48858312a922db7eb86377f638dbc9f  SCRATCH_MNT/foo

raid stripe tree key (RAID_STRIPE_TREE ROOT_ITEM 0)
leaf XXXXXXXXX items X free space XXXXX generation X owner RAID_STRIPE_TREE
leaf XXXXXXXXX flags 0x1(WRITTEN) backref revision 1
checksum stored <CHECKSUM>
checksum calced <CHECKSUM>
fs uuid <UUID>
chunk uuid <UUID>
	item 0 key (XXXXXX RAID_STRIPE 32768) itemoff XXXXX itemsize 40
			encoding: RAID10
			stripe 0 devid 1 physical XXXXXXXXX
			stripe 1 devid 2 physical XXXXXXXXX
	item 1 key (XXXXXX RAID_STRIPE 32768) itemoff XXXXX itemsize 40
			encoding: RAID10
			stripe 0 devid 1 physical XXXXXXXXX
			stripe 1 devid 2 physical XXXXXXXXX
	item 2 key (XXXXXX RAID_STRIPE 65536) itemoff XXXXX itemsize 40
			encoding: RAID10
			stripe 0 devid 3 physical XXXXXXXXX
			stripe 1 devid 4 physical XXXXXXXXX
	item 3 key (XXXXXX RAID_STRIPE 32768) itemoff XXXXX itemsize 40
			encoding: RAID10
			stripe 0 devid 1 physical XXXXXXXXX
			stripe 1 devid 2 physical XXXXXXXXX
	item 4 key (XXXXXX RAID_STRIPE 8192) itemoff XXXXX itemsize 40
			encoding: RAID10
			stripe 0 devid 1 physical XXXXXXXXX
			stripe 1 devid 2 physical XXXXXXXXX
total bytes XXXXXXXX
bytes used XXXXXX
uuid <UUID>
