QA output created by 312
---- mount_cloned_device ----
Creating cloned device...wrote 9000/9000 bytes at offset 0
XXX Bytes, X ops; XX:XX:XX.X (XXX YYY/sec and XXX ops/sec)
done
Mounting original device
wrote 9000/9000 bytes at offset 0
XXX Bytes, X ops; XX:XX:XX.X (XXX YYY/sec and XXX ops/sec)
On disk fsid:		FSID
Metadata uuid:		FSID
Temp fsid:		FSID
Tempfsid status:	0
Mounting cloned device
cp reflink must fail
cp: failed to clone 'TEST_DIR/312/mnt1/bar' from 'SCRATCH_MNT/foo': Invalid cross-device link
On disk fsid:		FSID
Metadata uuid:		FSID
Temp fsid:		TEMPFSID
Tempfsid status:	1
