QA output created by 315
---- seed_device_must_fail ----
mount: SCRATCH_MNT: WARNING: source write-protected, mounted read-only.
mount: TEST_DIR/315/tempfsid_mnt:  system call failed: File exists.
---- device_add_must_fail ----
wrote 9000/9000 bytes at offset 0
XXX Bytes, X ops; XX:XX:XX.X (XXX YYY/sec and XXX ops/sec)
ERROR: error adding device 'SCRATCH_DEV': Invalid argument
Balance must be successful
Done, had to relocate 3 out of 3 chunks
