QA output created by 317
Done, had to relocate X out of X chunks
ERROR: error during balancing 'SCRATCH_MNT': Invalid argument
There may be more info in syslog - try dmesg | tail
ERROR: error during balancing 'SCRATCH_MNT': Invalid argument
ERROR: error during balancing 'SCRATCH_MNT': Invalid argument
ERROR: error during balancing 'SCRATCH_MNT': Invalid argument
ERROR: error during balancing 'SCRATCH_MNT': Invalid argument
ERROR: error during balancing 'SCRATCH_MNT': Invalid argument
