QA output created by 318
Error summary:    no errors found
