QA output created by 330
Create subvolume 'SCRATCH_MNT/foo'
Create subvolume 'SCRATCH_MNT/bar'
making sure foo is read only
making sure bar allows writes
qux
