QA output created by 026
# file: SCRATCH_MNT/testf0
trusted.overlayfsrz="n"

