QA output created by 003
000000 00 00 00 00 00 00 00 00 00 00 00 00 00 00 00 00  >................<
*
020000 ff ff ff ff ff ff ff ff ff ff ff ff ff ff ff ff  >................<
*
080000
000000 00 00 00 00 00 00 00 00 00 00 00 00 00 00 00 00  >................<
*
020000 ff ff ff ff ff ff ff ff ff ff ff ff ff ff ff ff  >................<
*
080000
