QA output created by 004
pread: Operation not supported
pwrite: Operation not supported
